// Jest Snapshot v1, https://goo.gl/fbAQLP

exports[`HeaderButton component  should render correctly 1`] = `
<div
  className="button"
  onClick={[Function]}
>
  <div
    className="bar bar1"
  />
  <div
    className="bar bar2"
  />
  <div
    className="bar bar3"
  />
</div>
`;
